============================================================
Terminal Output Log - 2025-01-22
Agent: gpt-4o-inline-test
============================================================


============================================================
üìÖ LiveBench Daily Session: 2025-01-22
   Agent: gpt-4o-inline-test
============================================================

‚úÖ Task state updated: inline-003

üîÑ Iteration 1/15
‚ö†Ô∏è Attempt 1 failed (AuthenticationError), retrying in 0.5s...
   Error: Error code: 401 - {'error': {'message': 'Incorrect API key provided: your-api*****here. You can find your API key at https://platform.openai.com/account/api-keys.', 'type': 'invalid_request_error', 'p
‚ö†Ô∏è Attempt 2 failed (AuthenticationError), retrying in 1.0s...
   Error: Error code: 401 - {'error': {'message': 'Incorrect API key provided: your-api*****here. You can find your API key at https://platform.openai.com/account/api-keys.', 'type': 'invalid_request_error', 'p

‚ùå API call failed after 3 retries
   Error: Error code: 401 - {'error': {'message': 'Incorrect API key provided: your-api*****here. You can find your API key at https://platform.openai.com/account/api-keys.', 'type': 'invalid_request_error', 'p
   ‚è≠Ô∏è Skipping current task and continuing...

‚ö†Ô∏è Iteration limit reached without task completion
üîÑ Initiating wrap-up workflow to collect artifacts...

============================================================
üîÑ WRAP-UP WORKFLOW: Collecting and submitting artifacts
============================================================
üîç Listing artifacts in E2B sandbox...
‚ùå Error listing artifacts: Failed to create E2B sandbox: 401: Unauthorized, please check your credentials. - authorization header is malformed
   Traceback: Traceback (most recent call last):
  File "/workspaces/fyers/ClawWork/livebench/tools/productivity/code_execution_sandbox.py", line 77, in get_or_create_sandbox
    self.sandbox = Sandbox.create("gdpval-workspace", timeout=timeout)
                   ^^^^^^^^^^^^^^^^^^^^^^^^^^^^^^^^^^^^^^^^^^^^^^^^^^^
  File "/opt/conda/lib/python3.12/site-packages/e2b/sandbox_sync/main.py", line 188, in create
    sandbox = cls._create(
              ^^^^^^^^^^^^
  File "/opt/conda/lib/python3.12/site-packages/e2b/sandbox_sync/main.py", line 693, in _create
    response = SandboxApi._create_sandbox(
               ^^^^^^^^^^^^^^^^^^^^^^^^^^^
  File "/opt/conda/lib/python3.12/site-packages/e2b/sandbox_sync/sandbox_api.py", line 182, in _create_sandbox
    raise handle_api_exception(res)
e2b.exceptions.AuthenticationException: 401: Unauthorized, please check your credentials. - authorization header is malformed

During handling of the above exception, another exception occurred:

Traceback (most recent call last):
  File "/workspaces/fyers/ClawWork/livebench/agent/wrapup_workflow.py", line 105, in _list_artifacts_node
    sandbox = session_sandbox.get_or_create_sandbox()
              ^^^^^^^^^^^^^^^^^^^^^^^^^^^^^^^^^^^^^^^
  File "/workspaces/fyers/ClawWork/livebench/tools/productivity/code_execution_sandbox.py", line 81, in get_or_create_sandbox
    raise RuntimeError(f"Failed to create E2B sandbox: {str(e)}")
RuntimeError: Failed to create E2B sandbox: 401: Unauthorized, please check your credentials. - authorization header is malformed

   No artifacts found to submit

============================================================
‚úÖ WRAP-UP WORKFLOW COMPLETE
============================================================


‚ö†Ô∏è Wrap-up workflow did not submit any work
